A51 MACRO ASSEMBLER  YARB                                                                 03/18/2020 01:42:20 PAGE     1


MACRO ASSEMBLER A51 V8.02
OBJECT MODULE PLACED IN YARB.OBJ
ASSEMBLER INVOKED BY: C:\Keil\C51\BIN\A51.EXE YARB.asm SET(SMALL) DEBUG EP

LOC  OBJ            LINE     SOURCE

  0100                 1     TABLE EQU 100H
0000                   2     ORG 0
0000 900100            3     MAIN:MOV DPTR,#TABLE
0003 75F00A            4     MOV B,#10
0006 741E              5     MOV A,#30
0008 84                6     DIV AB
0009 FC                7     MOV R4,A
000A ADF0              8     MOV R5,B
                       9     
000C 93               10     LOOP1:MOVC A,@A+DPTR
000D F590             11               MOV P1,A
000F ED               12               MOV A,R5
0010 93               13               LOOP2:MOVC A,@A+DPTR
0011 F5A0             14               MOV P2,A
0013 BD000B           15           CJNE R5,#0,DECRIMENT
0016 3117             16           ACALL TOGGLE
0018 1C               17           DEC R4
0019 EC               18           MOV A,R4
001A 310A             19           ACALL DELAY 
001C BC00ED           20           CJNE R4,#0,LOOP1
001F 80DF             21           JMP MAIN    
0021 1D               22     DECRIMENT:DEC R5
0022 8DF0             23     MOV B,R5
0024 310A             24     ACALL DELAY
0026 020010           25     LJMP LOOP2
                      26      
0100                  27     ORG TABLE
0100 3F065B4F         28     DB 3FH,06H,5BH,4FH,66H,6DH,7DH,07H,7FH,6FH 
0104 666D7D07                
0108 7F6F                    
010A 7A08             29     DELAY: MOV R2, #8
010C 7900             30     HERE2: MOV R1, #0
010E 7800             31     HERE1: MOV R0, #0
0110 D8FE             32     HERE: DJNZ R0, HERE
0112 D9FA             33               DJNZ R1, HERE1 
0114 DAF6             34               DJNZ R2, HERE2 
0116 22               35               RET
0117 7D09             36     TOGGLE:MOV R5,#9
0119 ED               37     MOV A,R5
011A 310A             38     ACALL DELAY
011C 22               39     RET 
                      40     
                      41     
                      42     
                      43     END
A51 MACRO ASSEMBLER  YARB                                                                 03/18/2020 01:42:20 PAGE     2

SYMBOL TABLE LISTING
------ ----- -------


N A M E             T Y P E  V A L U E   ATTRIBUTES

B. . . . . . . . .  D ADDR   00F0H   A   
DECRIMENT. . . . .  C ADDR   0021H   A   
DELAY. . . . . . .  C ADDR   010AH   A   
HERE . . . . . . .  C ADDR   0110H   A   
HERE1. . . . . . .  C ADDR   010EH   A   
HERE2. . . . . . .  C ADDR   010CH   A   
LOOP1. . . . . . .  C ADDR   000CH   A   
LOOP2. . . . . . .  C ADDR   0010H   A   
MAIN . . . . . . .  C ADDR   0000H   A   
P1 . . . . . . . .  D ADDR   0090H   A   
P2 . . . . . . . .  D ADDR   00A0H   A   
TABLE. . . . . . .  N NUMB   0100H   A   
TOGGLE . . . . . .  C ADDR   0117H   A   


REGISTER BANK(S) USED: 0 


ASSEMBLY COMPLETE.  0 WARNING(S), 0 ERROR(S)
